MPLINK 5.09, LINKER
Linker Map File - Created Thu Sep 12 07:52:22 2024

                                 Section Info
                  Section       Type    Address   Location Size(Bytes)
                ---------  ---------  ---------  ---------  ---------
                   .org_0       code   0x000000    program   0x000072
                   .cinit    romdata   0x000039    program   0x000004
.config_2007_BUILD/DEFAULT/PRODUCTION/SECUENC       code   0x002007    program   0x000002
.config_2008_BUILD/DEFAULT/PRODUCTION/SECUENC       code   0x002008    program   0x000002



                              Program Memory Usage 
                               Start         End      
                           ---------   ---------      
                            0x000000    0x00003a      
                            0x002007    0x002008      
            61 out of 8455 program addresses used, program memory utilization is 0%



                              Symbols - Sorted by Name
                     Name    Address   Location    Storage File                     
                ---------  ---------  ---------  --------- ---------                
                   INICIO   0x000000    program     static C:\Users\Usuario\OneDrive\Escritorio\secuencias\secuencia6.X\secuencia6_.asm
                     LOOP   0x00002b    program     static C:\Users\Usuario\OneDrive\Escritorio\secuencias\secuencia6.X\secuencia6_.asm
                    REP_1   0x000032    program     static C:\Users\Usuario\OneDrive\Escritorio\secuencias\secuencia6.X\secuencia6_.asm
                    REP_2   0x000034    program     static C:\Users\Usuario\OneDrive\Escritorio\secuencias\secuencia6.X\secuencia6_.asm
                  RETARDO   0x000030    program     static C:\Users\Usuario\OneDrive\Escritorio\secuencias\secuencia6.X\secuencia6_.asm
                     SEC1   0x00000c    program     static C:\Users\Usuario\OneDrive\Escritorio\secuencias\secuencia6.X\secuencia6_.asm
                     SEC2   0x000012    program     static C:\Users\Usuario\OneDrive\Escritorio\secuencias\secuencia6.X\secuencia6_.asm
                     SEC3   0x000021    program     static C:\Users\Usuario\OneDrive\Escritorio\secuencias\secuencia6.X\secuencia6_.asm



                              Symbols - Sorted by Address
                     Name    Address   Location    Storage File                     
                ---------  ---------  ---------  --------- ---------                
                   INICIO   0x000000    program     static C:\Users\Usuario\OneDrive\Escritorio\secuencias\secuencia6.X\secuencia6_.asm
                     SEC1   0x00000c    program     static C:\Users\Usuario\OneDrive\Escritorio\secuencias\secuencia6.X\secuencia6_.asm
                     SEC2   0x000012    program     static C:\Users\Usuario\OneDrive\Escritorio\secuencias\secuencia6.X\secuencia6_.asm
                     SEC3   0x000021    program     static C:\Users\Usuario\OneDrive\Escritorio\secuencias\secuencia6.X\secuencia6_.asm
                     LOOP   0x00002b    program     static C:\Users\Usuario\OneDrive\Escritorio\secuencias\secuencia6.X\secuencia6_.asm
                  RETARDO   0x000030    program     static C:\Users\Usuario\OneDrive\Escritorio\secuencias\secuencia6.X\secuencia6_.asm
                    REP_1   0x000032    program     static C:\Users\Usuario\OneDrive\Escritorio\secuencias\secuencia6.X\secuencia6_.asm
                    REP_2   0x000034    program     static C:\Users\Usuario\OneDrive\Escritorio\secuencias\secuencia6.X\secuencia6_.asm


