MPLINK 5.09, LINKER
Linker Map File - Created Fri Sep 06 12:33:57 2024

                                 Section Info
                  Section       Type    Address   Location Size(Bytes)
                ---------  ---------  ---------  ---------  ---------
                   .org_0       code   0x000000    program   0x000046
                   .cinit    romdata   0x000023    program   0x000004
.config_2007_BUILD/DEFAULT/DEBUG/PRUEBA6.O       code   0x002007    program   0x000002
.config_2008_BUILD/DEFAULT/DEBUG/PRUEBA6.O       code   0x002008    program   0x000002



                              Program Memory Usage 
                               Start         End      
                           ---------   ---------      
                            0x000000    0x000024      
                            0x002007    0x002008      
            39 out of 8455 program addresses used, program memory utilization is 0%



                              Symbols - Sorted by Name
                     Name    Address   Location    Storage File                     
                ---------  ---------  ---------  --------- ---------                
                    Delay   0x00001d    program     static C:\Users\Usuario\OneDrive\Escritorio\secuencias\secuencia_prueba.X\prueba6.asm
                DelayLoop   0x00001f    program     static C:\Users\Usuario\OneDrive\Escritorio\secuencias\secuencia_prueba.X\prueba6.asm
                     INIT   0x000008    program     static C:\Users\Usuario\OneDrive\Escritorio\secuencias\secuencia_prueba.X\prueba6.asm
                    SEC_1   0x000010    program     static C:\Users\Usuario\OneDrive\Escritorio\secuencias\secuencia_prueba.X\prueba6.asm



                              Symbols - Sorted by Address
                     Name    Address   Location    Storage File                     
                ---------  ---------  ---------  --------- ---------                
                     INIT   0x000008    program     static C:\Users\Usuario\OneDrive\Escritorio\secuencias\secuencia_prueba.X\prueba6.asm
                    SEC_1   0x000010    program     static C:\Users\Usuario\OneDrive\Escritorio\secuencias\secuencia_prueba.X\prueba6.asm
                    Delay   0x00001d    program     static C:\Users\Usuario\OneDrive\Escritorio\secuencias\secuencia_prueba.X\prueba6.asm
                DelayLoop   0x00001f    program     static C:\Users\Usuario\OneDrive\Escritorio\secuencias\secuencia_prueba.X\prueba6.asm


