MPLINK 5.09, LINKER
Linker Map File - Created Thu Sep 12 07:51:25 2024

                                 Section Info
                  Section       Type    Address   Location Size(Bytes)
                ---------  ---------  ---------  ---------  ---------
                   .org_0       code   0x000000    program   0x000078
                   .cinit    romdata   0x00003c    program   0x000004
.config_2007_BUILD/DEFAULT/PRODUCTION/SECUENC       code   0x002007    program   0x000002
.config_2008_BUILD/DEFAULT/PRODUCTION/SECUENC       code   0x002008    program   0x000002



                              Program Memory Usage 
                               Start         End      
                           ---------   ---------      
                            0x000000    0x00003d      
                            0x002007    0x002008      
            64 out of 8455 program addresses used, program memory utilization is 0%



                              Symbols - Sorted by Name
                     Name    Address   Location    Storage File                     
                ---------  ---------  ---------  --------- ---------                
                   INICIO   0x000010    program     static C:\Users\Usuario\OneDrive\Escritorio\secuencias\secuencia9.X\secuencia9.asm
                     LOOP   0x000037    program     static C:\Users\Usuario\OneDrive\Escritorio\secuencias\secuencia9.X\secuencia9.asm
                 REINICIO   0x000008    program     static C:\Users\Usuario\OneDrive\Escritorio\secuencias\secuencia9.X\secuencia9.asm
                    REP_1   0x000030    program     static C:\Users\Usuario\OneDrive\Escritorio\secuencias\secuencia9.X\secuencia9.asm
                    REP_2   0x000032    program     static C:\Users\Usuario\OneDrive\Escritorio\secuencias\secuencia9.X\secuencia9.asm
                  RETARDO   0x00002e    program     static C:\Users\Usuario\OneDrive\Escritorio\secuencias\secuencia9.X\secuencia9.asm
                     SEC1   0x000017    program     static C:\Users\Usuario\OneDrive\Escritorio\secuencias\secuencia9.X\secuencia9.asm
                     SEC2   0x000023    program     static C:\Users\Usuario\OneDrive\Escritorio\secuencias\secuencia9.X\secuencia9.asm
                     SEC3   0x00001c    program     static C:\Users\Usuario\OneDrive\Escritorio\secuencias\secuencia9.X\secuencia9.asm



                              Symbols - Sorted by Address
                     Name    Address   Location    Storage File                     
                ---------  ---------  ---------  --------- ---------                
                 REINICIO   0x000008    program     static C:\Users\Usuario\OneDrive\Escritorio\secuencias\secuencia9.X\secuencia9.asm
                   INICIO   0x000010    program     static C:\Users\Usuario\OneDrive\Escritorio\secuencias\secuencia9.X\secuencia9.asm
                     SEC1   0x000017    program     static C:\Users\Usuario\OneDrive\Escritorio\secuencias\secuencia9.X\secuencia9.asm
                     SEC3   0x00001c    program     static C:\Users\Usuario\OneDrive\Escritorio\secuencias\secuencia9.X\secuencia9.asm
                     SEC2   0x000023    program     static C:\Users\Usuario\OneDrive\Escritorio\secuencias\secuencia9.X\secuencia9.asm
                  RETARDO   0x00002e    program     static C:\Users\Usuario\OneDrive\Escritorio\secuencias\secuencia9.X\secuencia9.asm
                    REP_1   0x000030    program     static C:\Users\Usuario\OneDrive\Escritorio\secuencias\secuencia9.X\secuencia9.asm
                    REP_2   0x000032    program     static C:\Users\Usuario\OneDrive\Escritorio\secuencias\secuencia9.X\secuencia9.asm
                     LOOP   0x000037    program     static C:\Users\Usuario\OneDrive\Escritorio\secuencias\secuencia9.X\secuencia9.asm


