MPLINK 5.09, LINKER
Linker Map File - Created Thu Sep 12 08:18:19 2024

                                 Section Info
                  Section       Type    Address   Location Size(Bytes)
                ---------  ---------  ---------  ---------  ---------
                   .org_0       code   0x000000    program   0x000058
                   .cinit    romdata   0x00002c    program   0x000004
.config_2007_BUILD/DEFAULT/PRODUCTION/HOJA1.O       code   0x002007    program   0x000002
.config_2008_BUILD/DEFAULT/PRODUCTION/HOJA1.O       code   0x002008    program   0x000002



                              Program Memory Usage 
                               Start         End      
                           ---------   ---------      
                            0x000000    0x00002d      
                            0x002007    0x002008      
            48 out of 8455 program addresses used, program memory utilization is 0%



                              Symbols - Sorted by Name
                     Name    Address   Location    Storage File                     
                ---------  ---------  ---------  --------- ---------                
                   INICIO   0x00000e    program     static C:\Users\Usuario\OneDrive\Escritorio\secuencias\hoja1.X\hoja1.asm
                     LOOP   0x000027    program     static C:\Users\Usuario\OneDrive\Escritorio\secuencias\hoja1.X\hoja1.asm
                 REINICIO   0x000008    program     static C:\Users\Usuario\OneDrive\Escritorio\secuencias\hoja1.X\hoja1.asm
                    REP_1   0x000020    program     static C:\Users\Usuario\OneDrive\Escritorio\secuencias\hoja1.X\hoja1.asm
                    REP_2   0x000022    program     static C:\Users\Usuario\OneDrive\Escritorio\secuencias\hoja1.X\hoja1.asm
                  RETARDO   0x00001e    program     static C:\Users\Usuario\OneDrive\Escritorio\secuencias\hoja1.X\hoja1.asm
                     SEC1   0x000015    program     static C:\Users\Usuario\OneDrive\Escritorio\secuencias\hoja1.X\hoja1.asm
                     SEC2   0x00001a    program     static C:\Users\Usuario\OneDrive\Escritorio\secuencias\hoja1.X\hoja1.asm



                              Symbols - Sorted by Address
                     Name    Address   Location    Storage File                     
                ---------  ---------  ---------  --------- ---------                
                 REINICIO   0x000008    program     static C:\Users\Usuario\OneDrive\Escritorio\secuencias\hoja1.X\hoja1.asm
                   INICIO   0x00000e    program     static C:\Users\Usuario\OneDrive\Escritorio\secuencias\hoja1.X\hoja1.asm
                     SEC1   0x000015    program     static C:\Users\Usuario\OneDrive\Escritorio\secuencias\hoja1.X\hoja1.asm
                     SEC2   0x00001a    program     static C:\Users\Usuario\OneDrive\Escritorio\secuencias\hoja1.X\hoja1.asm
                  RETARDO   0x00001e    program     static C:\Users\Usuario\OneDrive\Escritorio\secuencias\hoja1.X\hoja1.asm
                    REP_1   0x000020    program     static C:\Users\Usuario\OneDrive\Escritorio\secuencias\hoja1.X\hoja1.asm
                    REP_2   0x000022    program     static C:\Users\Usuario\OneDrive\Escritorio\secuencias\hoja1.X\hoja1.asm
                     LOOP   0x000027    program     static C:\Users\Usuario\OneDrive\Escritorio\secuencias\hoja1.X\hoja1.asm


