MPLINK 5.09, LINKER
Linker Map File - Created Thu Sep 12 07:53:02 2024

                                 Section Info
                  Section       Type    Address   Location Size(Bytes)
                ---------  ---------  ---------  ---------  ---------
                   .org_0       code   0x000000    program   0x000090
                   .cinit    romdata   0x000048    program   0x000004
.config_2007_BUILD/DEFAULT/PRODUCTION/SECUENC       code   0x002007    program   0x000002
.config_2008_BUILD/DEFAULT/PRODUCTION/SECUENC       code   0x002008    program   0x000002



                              Program Memory Usage 
                               Start         End      
                           ---------   ---------      
                            0x000000    0x000049      
                            0x002007    0x002008      
            76 out of 8455 program addresses used, program memory utilization is 0%



                              Symbols - Sorted by Name
                     Name    Address   Location    Storage File                     
                ---------  ---------  ---------  --------- ---------                
                   INICIO   0x000010    program     static C:\Users\Usuario\OneDrive\Escritorio\secuencias\secuencia5.X\secuencia5.asm
                  INICIO1   0x000026    program     static C:\Users\Usuario\OneDrive\Escritorio\secuencias\secuencia5.X\secuencia5.asm
                     LOOP   0x000043    program     static C:\Users\Usuario\OneDrive\Escritorio\secuencias\secuencia5.X\secuencia5.asm
                    REP_1   0x00003c    program     static C:\Users\Usuario\OneDrive\Escritorio\secuencias\secuencia5.X\secuencia5.asm
                    REP_2   0x00003e    program     static C:\Users\Usuario\OneDrive\Escritorio\secuencias\secuencia5.X\secuencia5.asm
                  RETARDO   0x00003a    program     static C:\Users\Usuario\OneDrive\Escritorio\secuencias\secuencia5.X\secuencia5.asm
                     SEC2   0x000022    program     static C:\Users\Usuario\OneDrive\Escritorio\secuencias\secuencia5.X\secuencia5.asm
                     SEC3   0x00002b    program     static C:\Users\Usuario\OneDrive\Escritorio\secuencias\secuencia5.X\secuencia5.asm
                     SEC4   0x000008    program     static C:\Users\Usuario\OneDrive\Escritorio\secuencias\secuencia5.X\secuencia5.asm



                              Symbols - Sorted by Address
                     Name    Address   Location    Storage File                     
                ---------  ---------  ---------  --------- ---------                
                     SEC4   0x000008    program     static C:\Users\Usuario\OneDrive\Escritorio\secuencias\secuencia5.X\secuencia5.asm
                   INICIO   0x000010    program     static C:\Users\Usuario\OneDrive\Escritorio\secuencias\secuencia5.X\secuencia5.asm
                     SEC2   0x000022    program     static C:\Users\Usuario\OneDrive\Escritorio\secuencias\secuencia5.X\secuencia5.asm
                  INICIO1   0x000026    program     static C:\Users\Usuario\OneDrive\Escritorio\secuencias\secuencia5.X\secuencia5.asm
                     SEC3   0x00002b    program     static C:\Users\Usuario\OneDrive\Escritorio\secuencias\secuencia5.X\secuencia5.asm
                  RETARDO   0x00003a    program     static C:\Users\Usuario\OneDrive\Escritorio\secuencias\secuencia5.X\secuencia5.asm
                    REP_1   0x00003c    program     static C:\Users\Usuario\OneDrive\Escritorio\secuencias\secuencia5.X\secuencia5.asm
                    REP_2   0x00003e    program     static C:\Users\Usuario\OneDrive\Escritorio\secuencias\secuencia5.X\secuencia5.asm
                     LOOP   0x000043    program     static C:\Users\Usuario\OneDrive\Escritorio\secuencias\secuencia5.X\secuencia5.asm


